// Jest Snapshot v1, https://goo.gl/fbAQLP

exports[`CartScreen Snapshot Test renders correctly 1`] = `
<View
  style={
    {
      "flex": 1,
    }
  }
>
  <View
    style={
      {
        "backgroundColor": "#ffc72c",
        "borderBottomLeftRadius": 75,
        "borderBottomRightRadius": 75,
        "height": 240,
        "padding": 26.5,
      }
    }
  >
    <Text
      style={
        {
          "color": "#ffc72c",
          "fontSize": 26,
          "fontWeight": "bold",
          "marginLeft": 20,
          "marginTop": 15,
        }
      }
    >
      Pesananmu
    </Text>
    <Text
      style={
        {
          "color": "#da291c",
          "fontSize": 18,
          "fontWeight": "500",
        }
      }
    >
      No Item in the cart !!!
    </Text>
  </View>
  <View
    style={
      {
        "alignItems": "center",
        "flex": 1,
        "justifyContent": "center",
      }
    }
  >
    <RCTImageView
      accessibilityState={
        {
          "busy": undefined,
          "checked": undefined,
          "disabled": undefined,
          "expanded": undefined,
          "selected": undefined,
        }
      }
      internal_analyticTag={null}
      resizeMode="contain"
      source={
        [
          {
            "height": undefined,
            "uri": undefined,
            "width": undefined,
          },
        ]
      }
      style={
        {
          "height": 267,
          "overflow": "hidden",
          "resizeMode": "contain",
          "width": 750,
        }
      }
    />
  </View>
</View>
`;
