// Jest Snapshot v1, https://goo.gl/fbAQLP

exports[`LoginScreen Snapshot Test renders correctly 1`] = `
<RCTScrollView
  keyboardDismissMode="interactive"
  keyboardShouldPersistTaps="handled"
  showsVerticalScrollIndicator={false}
  style={
    {
      "alignSelf": "center",
      "backgroundColor": "#ffffff",
      "flex": 1,
      "width": 750,
    }
  }
>
  <View>
    <View
      onLayout={[Function]}
      style={
        {
          "alignSelf": "center",
          "width": 675,
        }
      }
    >
      <View
        style={
          {
            "alignItems": "center",
          }
        }
      >
        <RCTImageView
          accessibilityState={
            {
              "busy": undefined,
              "checked": undefined,
              "disabled": undefined,
              "expanded": undefined,
              "selected": undefined,
            }
          }
          internal_analyticTag={null}
          resizeMode="contain"
          source={
            [
              {
                "height": undefined,
                "uri": undefined,
                "width": undefined,
              },
            ]
          }
          style={
            {
              "height": 112.5,
              "overflow": "hidden",
              "resizeMode": "contain",
              "width": 225,
            }
          }
        />
      </View>
      <View
        style={
          {
            "alignItems": "center",
            "paddingVertical": 19,
          }
        }
      >
        <Text
          style={
            {
              "color": "#000000",
              "fontSize": 18,
              "fontWeight": "600",
            }
          }
        >
          Welcome To McDonald's
        </Text>
        <Text
          style={
            {
              "color": "#000000",
              "fontSize": 18,
              "fontWeight": "600",
            }
          }
        >
          Login to continue
        </Text>
      </View>
      <View>
        <RCTSafeAreaView>
          <View>
            <View>
              <View
                style={
                  {
                    "flex": 1,
                    "padding": 13.5,
                  }
                }
                testID="LoginScreen_EmailInputField"
              >
                <Text
                  style={
                    {
                      "color": "#000000",
                      "fontSize": 16,
                    }
                  }
                >
                  Email
                </Text>
                <View
                  style={
                    {
                      "alignItems": "center",
                      "borderBottomWidth": 1,
                      "borderColor": "#000000",
                      "flexDirection": "row",
                    }
                  }
                >
                  <TextInput
                    keyboardType="default"
                    onBlur={[Function]}
                    onChangeText={[Function]}
                    placeholder="Enter your email"
                    placeholderTextColor="#808080"
                    secureTextEntry={false}
                    style={
                      {
                        "backgroundColor": "#ffffff",
                        "color": "#000000",
                        "flex": 1,
                        "fontSize": 16,
                      }
                    }
                    value=""
                  />
                </View>
              </View>
              <View
                style={
                  {
                    "flex": 1,
                    "padding": 13.5,
                  }
                }
                testID="LoginScreen_PasswordInputField"
              >
                <Text
                  style={
                    {
                      "color": "#000000",
                      "fontSize": 16,
                    }
                  }
                >
                  Password
                </Text>
                <View
                  style={
                    {
                      "alignItems": "center",
                      "borderBottomWidth": 1,
                      "borderColor": "#000000",
                      "flexDirection": "row",
                    }
                  }
                >
                  <TextInput
                    keyboardType="default"
                    onBlur={[Function]}
                    onChangeText={[Function]}
                    placeholder="Enter your password"
                    placeholderTextColor="#808080"
                    secureTextEntry={true}
                    style={
                      {
                        "backgroundColor": "#ffffff",
                        "color": "#000000",
                        "flex": 1,
                        "fontSize": 16,
                      }
                    }
                    value=""
                  />
                  <View
                    accessibilityState={
                      {
                        "busy": undefined,
                        "checked": undefined,
                        "disabled": undefined,
                        "expanded": undefined,
                        "selected": undefined,
                      }
                    }
                    accessibilityValue={
                      {
                        "max": undefined,
                        "min": undefined,
                        "now": undefined,
                        "text": undefined,
                      }
                    }
                    accessible={true}
                    collapsable={false}
                    focusable={true}
                    onClick={[Function]}
                    onResponderGrant={[Function]}
                    onResponderMove={[Function]}
                    onResponderRelease={[Function]}
                    onResponderTerminate={[Function]}
                    onResponderTerminationRequest={[Function]}
                    onStartShouldSetResponder={[Function]}
                    style={
                      {
                        "opacity": 1,
                        "padding": 6.5,
                      }
                    }
                  >
                    <Text
                      allowFontScaling={false}
                      selectable={false}
                      style={
                        [
                          {
                            "color": "#808080",
                            "fontSize": 24,
                          },
                          undefined,
                          {
                            "fontFamily": "Material Design Icons",
                            "fontStyle": "normal",
                            "fontWeight": "normal",
                          },
                          {},
                        ]
                      }
                    >
                      ó°ˆˆ
                    </Text>
                  </View>
                </View>
              </View>
              <View
                style={
                  {
                    "alignItems": "center",
                    "flex": 1,
                    "justifyContent": "flex-end",
                    "marginVertical": 19,
                  }
                }
              >
                <View
                  accessibilityState={
                    {
                      "busy": undefined,
                      "checked": undefined,
                      "disabled": false,
                      "expanded": undefined,
                      "selected": undefined,
                    }
                  }
                  accessibilityValue={
                    {
                      "max": undefined,
                      "min": undefined,
                      "now": undefined,
                      "text": undefined,
                    }
                  }
                  accessible={true}
                  collapsable={false}
                  focusable={true}
                  onClick={[Function]}
                  onResponderGrant={[Function]}
                  onResponderMove={[Function]}
                  onResponderRelease={[Function]}
                  onResponderTerminate={[Function]}
                  onResponderTerminationRequest={[Function]}
                  onStartShouldSetResponder={[Function]}
                  style={
                    {
                      "alignItems": "center",
                      "backgroundColor": "#da291c",
                      "borderColor": "#da291c",
                      "borderRadius": 53.5,
                      "borderWidth": 1,
                      "height": 66.5,
                      "justifyContent": "center",
                      "opacity": 1,
                      "width": 600,
                    }
                  }
                  testID="LoginScreen_NextButton"
                >
                  <Text
                    style={
                      [
                        {
                          "color": "#000000",
                          "fontSize": 18,
                          "fontWeight": "bold",
                        },
                        {
                          "color": "#ffffff",
                        },
                      ]
                    }
                  >
                    Pesan Sekarang
                  </Text>
                </View>
              </View>
            </View>
            <View
              style={
                {
                  "alignItems": "center",
                  "flexDirection": "row",
                  "justifyContent": "center",
                  "marginBottom": 16,
                }
              }
            >
              <Text
                style={
                  {
                    "color": "#000000",
                    "fontSize": 16,
                  }
                }
              >
                Don't have an account?
              </Text>
              <View
                accessibilityState={
                  {
                    "busy": undefined,
                    "checked": undefined,
                    "disabled": undefined,
                    "expanded": undefined,
                    "selected": undefined,
                  }
                }
                accessibilityValue={
                  {
                    "max": undefined,
                    "min": undefined,
                    "now": undefined,
                    "text": undefined,
                  }
                }
                accessible={true}
                collapsable={false}
                focusable={true}
                onClick={[Function]}
                onResponderGrant={[Function]}
                onResponderMove={[Function]}
                onResponderRelease={[Function]}
                onResponderTerminate={[Function]}
                onResponderTerminationRequest={[Function]}
                onStartShouldSetResponder={[Function]}
                style={
                  {
                    "opacity": 1,
                  }
                }
              >
                <Text
                  style={
                    {
                      "color": "#da291c",
                      "fontSize": 16,
                    }
                  }
                >
                   Sign Up
                </Text>
              </View>
            </View>
          </View>
        </RCTSafeAreaView>
      </View>
    </View>
  </View>
</RCTScrollView>
`;
